Rescoring: 10,000 S1, 230,881 candidates, 940.9 S1/s
Rescoring: 20,000 S1, 461,990 candidates, 1248.5 S1/s
Rescoring: 30,000 S1, 692,946 candidates, 1412.5 S1/s
Rescoring: 40,000 S1, 924,805 candidates, 1447.0 S1/s
Rescoring: 50,000 S1, 1,156,214 candidates, 1546.2 S1/s
Rescoring: 60,000 S1, 1,388,224 candidates, 1620.0 S1/s
Rescoring: 70,000 S1, 1,619,117 candidates, 1627.8 S1/s
Rescoring: 80,000 S1, 1,850,184 candidates, 1680.8 S1/s
Rescoring: 90,000 S1, 2,082,121 candidates, 1722.1 S1/s
Rescoring: 100,000 S1, 2,313,944 candidates, 1724.5 S1/s
Rescoring: 110,000 S1, 2,545,330 candidates, 1751.7 S1/s
Rescoring: 120,000 S1, 2,776,969 candidates, 1777.9 S1/s
Rescoring: 130,000 S1, 3,008,139 candidates, 1780.3 S1/s
Rescoring: 140,000 S1, 3,239,254 candidates, 1797.7 S1/s
Rescoring: 150,000 S1, 3,470,309 candidates, 1808.7 S1/s
Rescoring: 160,000 S1, 3,701,663 candidates, 1813.9 S1/s
Rescoring: 170,000 S1, 3,933,746 candidates, 1823.9 S1/s
Rescoring: 180,000 S1, 4,165,501 candidates, 1835.5 S1/s
Rescoring: 190,000 S1, 4,397,318 candidates, 1840.9 S1/s
Rescoring: 200,000 S1, 4,628,131 candidates, 1842.0 S1/s
Rescoring: 210,000 S1, 4,859,663 candidates, 1850.0 S1/s
Rescoring: 220,000 S1, 5,091,344 candidates, 1855.8 S1/s
Rescoring: 230,000 S1, 5,322,497 candidates, 1857.6 S1/s
Rescoring: 240,000 S1, 5,554,329 candidates, 1865.2 S1/s
Rescoring: 250,000 S1, 5,786,035 candidates, 1865.5 S1/s
Rescoring: 260,000 S1, 6,017,076 candidates, 1867.8 S1/s
Rescoring: 270,000 S1, 6,249,002 candidates, 1860.6 S1/s
Rescoring: 280,000 S1, 6,479,632 candidates, 1864.2 S1/s
Rescoring: 290,000 S1, 6,711,194 candidates, 1864.0 S1/s
Rescoring: 300,000 S1, 6,943,021 candidates, 1871.6 S1/s
Rescoring: 310,000 S1, 7,174,556 candidates, 1875.1 S1/s
Rescoring: 320,000 S1, 7,406,184 candidates, 1873.1 S1/s
Rescoring: 330,000 S1, 7,637,548 candidates, 1879.3 S1/s
Rescoring: 340,000 S1, 7,869,192 candidates, 1881.3 S1/s
Rescoring: 350,000 S1, 8,100,492 candidates, 1880.2 S1/s
Rescoring: 360,000 S1, 8,331,673 candidates, 1886.5 S1/s
Rescoring: 370,000 S1, 8,563,363 candidates, 1889.7 S1/s
Rescoring: 380,000 S1, 8,794,698 candidates, 1888.0 S1/s
Rescoring: 390,000 S1, 9,026,204 candidates, 1891.9 S1/s
Rescoring: 400,000 S1, 9,257,793 candidates, 1895.9 S1/s
Rescoring: 410,000 S1, 9,488,531 candidates, 1893.5 S1/s
Rescoring: 420,000 S1, 9,720,494 candidates, 1899.0 S1/s
Rescoring: 430,000 S1, 9,952,249 candidates, 1903.5 S1/s
Rescoring: 440,000 S1, 10,183,702 candidates, 1902.8 S1/s
Rescoring: 450,000 S1, 10,415,422 candidates, 1905.5 S1/s
Rescoring: 460,000 S1, 10,646,537 candidates, 1907.4 S1/s
Rescoring: 470,000 S1, 10,878,188 candidates, 1908.4 S1/s
Rescoring: 480,000 S1, 11,109,784 candidates, 1910.3 S1/s
Rescoring: 490,000 S1, 11,341,211 candidates, 1912.8 S1/s
Rescoring: 500,000 S1, 11,572,468 candidates, 1915.5 S1/s
Rescoring: 510,000 S1, 11,803,876 candidates, 1918.2 S1/s
Rescoring: 520,000 S1, 12,035,007 candidates, 1919.1 S1/s
Rescoring: 530,000 S1, 12,266,966 candidates, 1924.1 S1/s
Rescoring: 540,000 S1, 12,498,216 candidates, 1925.9 S1/s
Rescoring: 550,000 S1, 12,730,026 candidates, 1925.1 S1/s
Rescoring: 560,000 S1, 12,961,203 candidates, 1929.4 S1/s
Rescoring: 570,000 S1, 13,192,426 candidates, 1931.6 S1/s
Rescoring: 580,000 S1, 13,424,071 candidates, 1931.1 S1/s
Rescoring: 590,000 S1, 13,655,065 candidates, 1932.9 S1/s
Rescoring: 600,000 S1, 13,887,208 candidates, 1935.3 S1/s
Rescoring: 610,000 S1, 14,118,957 candidates, 1934.5 S1/s
Rescoring: 620,000 S1, 14,349,958 candidates, 1935.8 S1/s
Rescoring: 630,000 S1, 14,580,928 candidates, 1937.5 S1/s
Rescoring: 640,000 S1, 14,812,930 candidates, 1939.4 S1/s
Rescoring: 650,000 S1, 15,045,219 candidates, 1939.4 S1/s
Rescoring: 660,000 S1, 15,276,725 candidates, 1940.6 S1/s
Rescoring: 670,000 S1, 15,508,126 candidates, 1940.8 S1/s
Rescoring: 680,000 S1, 15,740,195 candidates, 1941.0 S1/s
Rescoring: 690,000 S1, 15,971,712 candidates, 1941.1 S1/s
Rescoring: 700,000 S1, 16,202,965 candidates, 1944.7 S1/s
Rescoring: 710,000 S1, 16,434,261 candidates, 1943.4 S1/s
Rescoring: 720,000 S1, 16,666,267 candidates, 1944.5 S1/s
Rescoring: 730,000 S1, 16,897,847 candidates, 1947.8 S1/s
Rescoring: 740,000 S1, 17,129,893 candidates, 1947.4 S1/s
Rescoring: 750,000 S1, 17,360,929 candidates, 1948.5 S1/s
Rescoring: 760,000 S1, 17,592,701 candidates, 1950.9 S1/s
Rescoring: 770,000 S1, 17,824,396 candidates, 1951.0 S1/s
Rescoring: 780,000 S1, 18,056,265 candidates, 1952.8 S1/s
Rescoring: 790,000 S1, 18,287,460 candidates, 1954.7 S1/s
Rescoring: 800,000 S1, 18,519,532 candidates, 1954.5 S1/s
Rescoring: 810,000 S1, 18,751,090 candidates, 1955.8 S1/s
Rescoring: 820,000 S1, 18,982,051 candidates, 1956.7 S1/s
Rescoring: 830,000 S1, 19,213,589 candidates, 1957.3 S1/s
Rescoring: 840,000 S1, 19,444,652 candidates, 1956.8 S1/s
Rescoring: 850,000 S1, 19,676,081 candidates, 1957.4 S1/s
Rescoring: 860,000 S1, 19,907,793 candidates, 1958.9 S1/s
Rescoring: 870,000 S1, 20,139,375 candidates, 1958.8 S1/s
Rescoring: 880,000 S1, 20,370,798 candidates, 1959.2 S1/s
Rescoring: 890,000 S1, 20,602,439 candidates, 1960.8 S1/s
Rescoring: 900,000 S1, 20,833,938 candidates, 1960.3 S1/s
Rescoring: 910,000 S1, 21,065,165 candidates, 1961.3 S1/s
Rescoring: 920,000 S1, 21,296,531 candidates, 1961.8 S1/s
Rescoring: 930,000 S1, 21,527,979 candidates, 1961.5 S1/s
Rescoring: 940,000 S1, 21,759,413 candidates, 1962.6 S1/s
Rescoring: 950,000 S1, 21,991,002 candidates, 1964.3 S1/s
Rescoring: 960,000 S1, 22,222,263 candidates, 1963.8 S1/s
Rescoring: 970,000 S1, 22,453,958 candidates, 1965.3 S1/s
Rescoring: 980,000 S1, 22,684,822 candidates, 1966.0 S1/s
Rescoring: 990,000 S1, 22,916,224 candidates, 1965.9 S1/s
Rescoring: 1,000,000 S1, 23,148,202 candidates, 1966.9 S1/s
Rescoring: 1,010,000 S1, 23,379,769 candidates, 1968.4 S1/s
Rescoring: 1,020,000 S1, 23,612,265 candidates, 1967.4 S1/s
Rescoring: 1,030,000 S1, 23,842,902 candidates, 1969.0 S1/s
Rescoring: 1,040,000 S1, 24,074,024 candidates, 1969.2 S1/s
Rescoring: 1,050,000 S1, 24,305,598 candidates, 1966.3 S1/s
Rescoring: 1,060,000 S1, 24,536,760 candidates, 1967.0 S1/s
Rescoring: 1,070,000 S1, 24,768,622 candidates, 1968.0 S1/s
Rescoring: 1,080,000 S1, 25,000,442 candidates, 1967.8 S1/s
Rescoring: 1,090,000 S1, 25,232,043 candidates, 1967.9 S1/s
Rescoring: 1,100,000 S1, 25,464,023 candidates, 1968.4 S1/s
Rescoring: 1,110,000 S1, 25,695,560 candidates, 1965.1 S1/s
Rescoring: 1,120,000 S1, 25,927,406 candidates, 1936.4 S1/s
Rescoring: 1,130,000 S1, 26,158,984 candidates, 1907.5 S1/s
Rescoring: 1,140,000 S1, 26,390,186 candidates, 1897.8 S1/s
Rescoring: 1,150,000 S1, 26,622,039 candidates, 1896.6 S1/s
Rescoring: 1,160,000 S1, 26,853,435 candidates, 1895.6 S1/s
Rescoring: 1,170,000 S1, 27,084,848 candidates, 1895.8 S1/s
Rescoring: 1,180,000 S1, 27,316,135 candidates, 1893.0 S1/s
Rescoring: 1,190,000 S1, 27,547,966 candidates, 1890.7 S1/s
Rescoring: 1,200,000 S1, 27,779,067 candidates, 1891.7 S1/s
Rescoring: 1,210,000 S1, 28,011,282 candidates, 1892.4 S1/s
Rescoring: 1,220,000 S1, 28,242,763 candidates, 1892.1 S1/s
Rescoring: 1,230,000 S1, 28,474,124 candidates, 1894.3 S1/s
Rescoring: 1,240,000 S1, 28,705,544 candidates, 1893.7 S1/s
Rescoring: 1,250,000 S1, 28,937,064 candidates, 1893.3 S1/s
Rescoring: 1,260,000 S1, 29,168,741 candidates, 1894.7 S1/s
Rescoring: 1,270,000 S1, 29,400,144 candidates, 1895.1 S1/s
Rescoring: 1,280,000 S1, 29,631,364 candidates, 1896.3 S1/s
Rescoring: 1,290,000 S1, 29,863,104 candidates, 1897.1 S1/s
Rescoring: 1,300,000 S1, 30,094,156 candidates, 1897.1 S1/s
Rescoring: 1,310,000 S1, 30,325,740 candidates, 1899.0 S1/s
Rescoring: 1,320,000 S1, 30,557,038 candidates, 1900.1 S1/s
Rescoring: 1,330,000 S1, 30,788,748 candidates, 1897.9 S1/s
Rescoring: 1,340,000 S1, 31,020,196 candidates, 1899.6 S1/s
Rescoring: 1,350,000 S1, 31,250,940 candidates, 1897.1 S1/s
Rescoring: 1,360,000 S1, 31,482,904 candidates, 1871.7 S1/s
Rescoring: 1,370,000 S1, 31,714,756 candidates, 1852.0 S1/s
Rescoring: 1,380,000 S1, 31,946,544 candidates, 1829.6 S1/s
Rescoring: 1,390,000 S1, 32,178,047 candidates, 1821.3 S1/s
Rescoring: 1,400,000 S1, 32,409,777 candidates, 1823.2 S1/s
Rescoring: 1,410,000 S1, 32,641,290 candidates, 1809.0 S1/s
Rescoring: 1,420,000 S1, 32,872,577 candidates, 1786.3 S1/s
Rescoring: 1,430,000 S1, 33,104,188 candidates, 1769.6 S1/s
Rescoring: 1,440,000 S1, 33,335,759 candidates, 1752.0 S1/s
Rescoring: 1,450,000 S1, 33,567,573 candidates, 1733.6 S1/s
Rescoring: 1,460,000 S1, 33,799,191 candidates, 1718.3 S1/s
Rescoring: 1,470,000 S1, 34,031,066 candidates, 1702.3 S1/s
Rescoring: 1,480,000 S1, 34,262,549 candidates, 1686.0 S1/s
Rescoring: 1,490,000 S1, 34,494,903 candidates, 1672.4 S1/s
Rescoring: 1,500,000 S1, 34,726,045 candidates, 1668.1 S1/s
Rescoring: 1,510,000 S1, 34,956,979 candidates, 1669.9 S1/s
Rescoring: 1,520,000 S1, 35,188,304 candidates, 1672.4 S1/s
Rescoring: 1,530,000 S1, 35,419,458 candidates, 1673.6 S1/s
Rescoring: 1,540,000 S1, 35,651,209 candidates, 1676.2 S1/s
Rescoring: 1,550,000 S1, 35,882,548 candidates, 1675.9 S1/s
Rescoring: 1,560,000 S1, 36,113,358 candidates, 1663.8 S1/s
Rescoring: 1,570,000 S1, 36,345,082 candidates, 1659.2 S1/s
Rescoring: 1,580,000 S1, 36,576,724 candidates, 1662.1 S1/s
Rescoring: 1,590,000 S1, 36,808,088 candidates, 1663.5 S1/s
Rescoring: 1,600,000 S1, 37,039,174 candidates, 1664.1 S1/s
Rescoring: 1,610,000 S1, 37,270,131 candidates, 1666.6 S1/s
Rescoring: 1,620,000 S1, 37,502,270 candidates, 1668.3 S1/s
Rescoring: 1,630,000 S1, 37,733,600 candidates, 1669.4 S1/s
Rescoring: 1,640,000 S1, 37,965,476 candidates, 1671.4 S1/s
Rescoring: 1,650,000 S1, 38,195,800 candidates, 1672.2 S1/s
Rescoring: 1,660,000 S1, 38,427,949 candidates, 1673.5 S1/s
Rescoring: 1,670,000 S1, 38,659,718 candidates, 1674.8 S1/s
Rescoring: 1,680,000 S1, 38,891,289 candidates, 1666.7 S1/s
Rescoring: 1,690,000 S1, 39,123,000 candidates, 1668.1 S1/s
Rescoring: 1,700,000 S1, 39,354,445 candidates, 1666.5 S1/s
Rescoring: 1,710,000 S1, 39,585,720 candidates, 1665.4 S1/s
Rescoring: 1,720,000 S1, 39,816,567 candidates, 1665.6 S1/s
Rescoring: 1,730,000 S1, 40,047,865 candidates, 1666.4 S1/s
{
  "signature": {
    "inputs": {
      "version": 1,
      "files": [
        {
          "path": "D:\\amazon_ml_challenge\\dataset\\test\\test_source1.tsv",
          "size": 175022086,
          "mtime_ns": 1789735670000000000
        },
        {
          "path": "D:\\amazon_ml_challenge\\dataset\\test\\test_source2.tsv",
          "size": 509456422,
          "mtime_ns": 1789735670000000000
        },
        {
          "path": "D:\\amazon_ml_challenge\\dataset\\test\\test_source3.tsv",
          "size": 506002772,
          "mtime_ns": 1789735671000000000
        }
      ]
    },
    "model_sha256": "5499a27a023d5cd727f04c18b3efcbec389fd8bee4629d10ec15e68d55e90c38",
    "pipeline_sha256": {
      "normalization.py": "441e9ab68cfbe8f80e1d36399395ff2395a8cd0425ab4639adcff92331624c5f",
      "retrieval.py": "99dc2e25baad38f9187f710664eafb142c028966f38c608047c86727a899ce08",
      "features.py": "53cf51e7f18e0e025daff0bade0c7c449da62b0b3a75f67090038de23ff99dfc",
      "inference.py": "fe56efa90ba56839f65045e19ef1785cb9d32f61ed17bf246c830d89f37bd189",
      "rescore.py": "a99c99371ab7711ecd556234cff29c845acd5ef0fd5b76980e538bd54e356d4a"
    },
    "candidate_cache_sha256": "950d762c34214149adb9c32294a054bdee5b9788278beb21b69d8fbb574c2513",
    "fresh_retrieval_audit_s1": 64
  },
  "s1_rows": 1732544,
  "predicted_pairs": 5134678,
  "empty_matches": 142107,
  "candidate_pairs": 40106707
}
