Inference: 10,000 S1, 230,881 candidates, 166.1 S1/s
Inference: 20,000 S1, 461,990 candidates, 222.0 S1/s
Inference: 30,000 S1, 692,946 candidates, 249.3 S1/s
Inference: 40,000 S1, 924,805 candidates, 253.1 S1/s
Inference: 50,000 S1, 1,156,214 candidates, 266.3 S1/s
Inference: 60,000 S1, 1,388,224 candidates, 273.2 S1/s
Inference: 70,000 S1, 1,619,117 candidates, 282.3 S1/s
Inference: 80,000 S1, 1,850,184 candidates, 308.7 S1/s
Inference: 90,000 S1, 2,082,121 candidates, 310.0 S1/s
Inference: 100,000 S1, 2,313,944 candidates, 306.2 S1/s
Inference: 110,000 S1, 2,545,330 candidates, 307.5 S1/s
Inference: 120,000 S1, 2,776,969 candidates, 309.0 S1/s
Inference: 130,000 S1, 3,008,139 candidates, 303.9 S1/s
Inference: 140,000 S1, 3,239,254 candidates, 313.5 S1/s
Inference: 150,000 S1, 3,470,309 candidates, 328.1 S1/s
Inference: 160,000 S1, 3,701,663 candidates, 341.6 S1/s
Inference: 170,000 S1, 3,933,746 candidates, 350.2 S1/s
Inference: 180,000 S1, 4,165,501 candidates, 362.7 S1/s
Inference: 190,000 S1, 4,397,318 candidates, 374.0 S1/s
Inference: 200,000 S1, 4,628,131 candidates, 385.8 S1/s
Inference: 210,000 S1, 4,859,663 candidates, 397.4 S1/s
Inference: 220,000 S1, 5,091,344 candidates, 407.7 S1/s
Inference: 230,000 S1, 5,322,497 candidates, 418.6 S1/s
Inference: 240,000 S1, 5,554,329 candidates, 428.6 S1/s
